[1/33] Automatic MOC and UIC for target ArchiFlow_Application
[2/33] Running rcc for resource app_resources
[3/33] Running rcc for resource app_icons
[4/33] Building CXX object CMakeFiles/ArchiFlow_Application.dir/src/ui/basedialog.cpp.obj
[5/33] Building CXX object CMakeFiles/ArchiFlow_Application.dir/src/database/migrations.cpp.obj
[6/33] Building CXX object CMakeFiles/ArchiFlow_Application.dir/src/database/databasemanager.cpp.obj
[7/33] Building CXX object CMakeFiles/ArchiFlow_Application.dir/src/core/modulemanager.cpp.obj
[8/33] Building CXX object CMakeFiles/ArchiFlow_Application.dir/main.cpp.obj
[9/33] Building CXX object CMakeFiles/ArchiFlow_Application.dir/src/core/application.cpp.obj
[10/33] Building CXX object CMakeFiles/ArchiFlow_Application.dir/src/database/databaseservice.cpp.obj
[11/33] Building CXX object CMakeFiles/ArchiFlow_Application.dir/src/ui/sidebar.cpp.obj
[12/33] Building CXX object CMakeFiles/ArchiFlow_Application.dir/src/ui/mainwindow.cpp.obj
[13/33] Building CXX object CMakeFiles/ArchiFlow_Application.dir/src/features/materials/materialmodel.cpp.obj
[14/33] Building CXX object CMakeFiles/ArchiFlow_Application.dir/ArchiFlow_Application_autogen/mocs_compilation.cpp.obj
[15/33] Building CXX object CMakeFiles/ArchiFlow_Application.dir/src/features/materials/materialdetailsdialog.cpp.obj
[16/33] Building CXX object CMakeFiles/ArchiFlow_Application.dir/src/ui/settingsdialog.cpp.obj
[17/33] Building CXX object CMakeFiles/ArchiFlow_Application.dir/src/features/materials/materialdialog.cpp.obj
[18/33] Building CXX object CMakeFiles/ArchiFlow_Application.dir/src/features/materials/groqclient.cpp.obj
[19/33] Building CXX object CMakeFiles/ArchiFlow_Application.dir/src/features/materials/materialsmodule.cpp.obj
[20/33] Building CXX object CMakeFiles/ArchiFlow_Application.dir/src/features/materials/materialwidget.cpp.obj
[21/33] Building CXX object CMakeFiles/ArchiFlow_Application.dir/src/features/materials/aiassistantdialog.cpp.obj
[22/33] Building CXX object CMakeFiles/ArchiFlow_Application.dir/src/features/suppliers/suppliermodel.cpp.obj
[23/33] Building CXX object CMakeFiles/ArchiFlow_Application.dir/build/Desktop_Qt_6_9_0_MinGW_64_bit-Debug/.qt/rcc/qrc_app_resources.cpp.obj
[24/33] Building CXX object CMakeFiles/ArchiFlow_Application.dir/src/features/suppliers/supplierdialog.cpp.obj
[25/33] Building CXX object CMakeFiles/ArchiFlow_Application.dir/src/utils/animationmanager.cpp.obj
[26/33] Building CXX object CMakeFiles/ArchiFlow_Application.dir/src/features/suppliers/suppliermodule.cpp.obj
[27/33] Building CXX object CMakeFiles/ArchiFlow_Application.dir/src/features/suppliers/supplierwidget.cpp.obj
FAILED: CMakeFiles/ArchiFlow_Application.dir/src/features/suppliers/supplierwidget.cpp.obj 
C:\Qt\Tools\mingw1310_64\bin\g++.exe -DMINGW_HAS_SECURE_API=1 -DQT_CHARTS_LIB -DQT_CONCURRENT_LIB -DQT_CORE_LIB -DQT_GUI_LIB -DQT_NEEDS_QMAIN -DQT_NETWORK_LIB -DQT_OPENGLWIDGETS_LIB -DQT_OPENGL_LIB -DQT_PRINTSUPPORT_LIB -DQT_SQL_LIB -DQT_WIDGETS_LIB -DUNICODE -DWIN32 -DWIN64 -D_ENABLE_EXTENDED_ALIGNED_STORAGE -D_UNICODE -D_WIN64 -I"C:/Users/Ahmed Attafi/Documents/ArchiFlow_Application/build/Desktop_Qt_6_9_0_MinGW_64_bit-Debug/ArchiFlow_Application_autogen/include" -I"C:/Users/Ahmed Attafi/Documents/ArchiFlow_Application/src" -isystem C:/Qt/6.9.0/mingw_64/include/QtCore -isystem C:/Qt/6.9.0/mingw_64/include -isystem C:/Qt/6.9.0/mingw_64/mkspecs/win32-g++ -isystem C:/Qt/6.9.0/mingw_64/include/QtWidgets -isystem C:/Qt/6.9.0/mingw_64/include/QtGui -isystem C:/Qt/6.9.0/mingw_64/include/QtSql -isystem C:/Qt/6.9.0/mingw_64/include/QtCharts -isystem C:/Qt/6.9.0/mingw_64/include/QtOpenGL -isystem C:/Qt/6.9.0/mingw_64/include/QtOpenGLWidgets -isystem C:/Qt/6.9.0/mingw_64/include/QtPrintSupport -isystem C:/Qt/6.9.0/mingw_64/include/QtNetwork -isystem C:/Qt/6.9.0/mingw_64/include/QtConcurrent -Wall -Wextra -Wpedantic -g -std=gnu++17 -fdiagnostics-color=always -MD -MT CMakeFiles/ArchiFlow_Application.dir/src/features/suppliers/supplierwidget.cpp.obj -MF CMakeFiles\ArchiFlow_Application.dir\src\features\suppliers\supplierwidget.cpp.obj.d -o CMakeFiles/ArchiFlow_Application.dir/src/features/suppliers/supplierwidget.cpp.obj -c "C:/Users/Ahmed Attafi/Documents/ArchiFlow_Application/src/features/suppliers/supplierwidget.cpp"
C:/Users/Ahmed Attafi/Documents/ArchiFlow_Application/src/features/suppliers/supplierwidget.cpp: In member function 'QWidget* SupplierWidget::createCategoryDistributionChart()':
C:/Users/Ahmed Attafi/Documents/ArchiFlow_Application/src/features/suppliers/supplierwidget.cpp:392:9: error: 'QtCharts' has not been declared
  392 |         QtCharts::QPieSeries *series = new QtCharts::QPieSeries();
      |         ^~~~~~~~
C:/Users/Ahmed Attafi/Documents/ArchiFlow_Application/src/features/suppliers/supplierwidget.cpp:392:31: error: 'series' was not declared in this scope
  392 |         QtCharts::QPieSeries *series = new QtCharts::QPieSeries();
      |                               ^~~~~~
C:/Users/Ahmed Attafi/Documents/ArchiFlow_Application/src/features/suppliers/supplierwidget.cpp:392:44: error: 'QtCharts' does not name a type; did you mean 'QChart'?
  392 |         QtCharts::QPieSeries *series = new QtCharts::QPieSeries();
      |                                            ^~~~~~~~
      |                                            QChart
C:/Users/Ahmed Attafi/Documents/ArchiFlow_Application/src/features/suppliers/supplierwidget.cpp:401:9: error: 'QtCharts' has not been declared
  401 |         QtCharts::QChart *chart = new QtCharts::QChart();
      |         ^~~~~~~~
C:/Users/Ahmed Attafi/Documents/ArchiFlow_Application/src/features/suppliers/supplierwidget.cpp:401:27: error: 'chart' was not declared in this scope; did you mean 'char'?
  401 |         QtCharts::QChart *chart = new QtCharts::QChart();
      |                           ^~~~~
      |                           char
C:/Users/Ahmed Attafi/Documents/ArchiFlow_Application/src/features/suppliers/supplierwidget.cpp:401:39: error: 'QtCharts' does not name a type; did you mean 'QChart'?
  401 |         QtCharts::QChart *chart = new QtCharts::QChart();
      |                                       ^~~~~~~~
      |                                       QChart
C:/Users/Ahmed Attafi/Documents/ArchiFlow_Application/src/features/suppliers/supplierwidget.cpp:404:36: error: 'QtCharts' has not been declared
  404 |         chart->setAnimationOptions(QtCharts::QChart::SeriesAnimations);
      |                                    ^~~~~~~~
C:/Users/Ahmed Attafi/Documents/ArchiFlow_Application/src/features/suppliers/supplierwidget.cpp:407:9: error: 'QtCharts' has not been declared
  407 |         QtCharts::QChartView *chartView = new QtCharts::QChartView(chart);
      |         ^~~~~~~~
C:/Users/Ahmed Attafi/Documents/ArchiFlow_Application/src/features/suppliers/supplierwidget.cpp:407:31: error: 'chartView' was not declared in this scope; did you mean 'QChartView'?
  407 |         QtCharts::QChartView *chartView = new QtCharts::QChartView(chart);
      |                               ^~~~~~~~~
      |                               QChartView
C:/Users/Ahmed Attafi/Documents/ArchiFlow_Application/src/features/suppliers/supplierwidget.cpp:407:47: error: 'QtCharts' does not name a type; did you mean 'QChart'?
  407 |         QtCharts::QChartView *chartView = new QtCharts::QChartView(chart);
      |                                               ^~~~~~~~
      |                                               QChart
C:/Users/Ahmed Attafi/Documents/ArchiFlow_Application/src/features/suppliers/supplierwidget.cpp: In member function 'QWidget* SupplierWidget::createStatusDistributionChart()':
C:/Users/Ahmed Attafi/Documents/ArchiFlow_Application/src/features/suppliers/supplierwidget.cpp:425:5: error: 'QtCharts' has not been declared
  425 |     QtCharts::QPieSeries *series = new QtCharts::QPieSeries();
      |     ^~~~~~~~
C:/Users/Ahmed Attafi/Documents/ArchiFlow_Application/src/features/suppliers/supplierwidget.cpp:425:27: error: 'series' was not declared in this scope
  425 |     QtCharts::QPieSeries *series = new QtCharts::QPieSeries();
      |                           ^~~~~~
C:/Users/Ahmed Attafi/Documents/ArchiFlow_Application/src/features/suppliers/supplierwidget.cpp:425:40: error: 'QtCharts' does not name a type; did you mean 'QChart'?
  425 |     QtCharts::QPieSeries *series = new QtCharts::QPieSeries();
      |                                        ^~~~~~~~
      |                                        QChart
C:/Users/Ahmed Attafi/Documents/ArchiFlow_Application/src/features/suppliers/supplierwidget.cpp:433:5: error: 'QtCharts' has not been declared
  433 |     QtCharts::QChart *chart = new QtCharts::QChart();
      |     ^~~~~~~~
C:/Users/Ahmed Attafi/Documents/ArchiFlow_Application/src/features/suppliers/supplierwidget.cpp:433:23: error: 'chart' was not declared in this scope; did you mean 'char'?
  433 |     QtCharts::QChart *chart = new QtCharts::QChart();
      |                       ^~~~~
      |                       char
C:/Users/Ahmed Attafi/Documents/ArchiFlow_Application/src/features/suppliers/supplierwidget.cpp:433:35: error: 'QtCharts' does not name a type; did you mean 'QChart'?
  433 |     QtCharts::QChart *chart = new QtCharts::QChart();
      |                                   ^~~~~~~~
      |                                   QChart
C:/Users/Ahmed Attafi/Documents/ArchiFlow_Application/src/features/suppliers/supplierwidget.cpp:436:32: error: 'QtCharts' has not been declared
  436 |     chart->setAnimationOptions(QtCharts::QChart::SeriesAnimations);
      |                                ^~~~~~~~
C:/Users/Ahmed Attafi/Documents/ArchiFlow_Application/src/features/suppliers/supplierwidget.cpp:439:5: error: 'QtCharts' has not been declared
  439 |     QtCharts::QChartView *chartView = new QtCharts::QChartView(chart);
      |     ^~~~~~~~
C:/Users/Ahmed Attafi/Documents/ArchiFlow_Application/src/features/suppliers/supplierwidget.cpp:439:27: error: 'chartView' was not declared in this scope; did you mean 'QChartView'?
  439 |     QtCharts::QChartView *chartView = new QtCharts::QChartView(chart);
      |                           ^~~~~~~~~
      |                           QChartView
C:/Users/Ahmed Attafi/Documents/ArchiFlow_Application/src/features/suppliers/supplierwidget.cpp:439:43: error: 'QtCharts' does not name a type; did you mean 'QChart'?
  439 |     QtCharts::QChartView *chartView = new QtCharts::QChartView(chart);
      |                                           ^~~~~~~~
      |                                           QChart
C:/Users/Ahmed Attafi/Documents/ArchiFlow_Application/src/features/suppliers/supplierwidget.cpp: In member function 'QWidget* SupplierWidget::createSupplierValueChart()':
C:/Users/Ahmed Attafi/Documents/ArchiFlow_Application/src/features/suppliers/supplierwidget.cpp:448:5: error: 'QtCharts' has not been declared
  448 |     QtCharts::QBarSeries *series = new QtCharts::QBarSeries();
      |     ^~~~~~~~
C:/Users/Ahmed Attafi/Documents/ArchiFlow_Application/src/features/suppliers/supplierwidget.cpp:448:27: error: 'series' was not declared in this scope
  448 |     QtCharts::QBarSeries *series = new QtCharts::QBarSeries();
      |                           ^~~~~~
C:/Users/Ahmed Attafi/Documents/ArchiFlow_Application/src/features/suppliers/supplierwidget.cpp:448:40: error: 'QtCharts' does not name a type; did you mean 'QChart'?
  448 |     QtCharts::QBarSeries *series = new QtCharts::QBarSeries();
      |                                        ^~~~~~~~
      |                                        QChart
C:/Users/Ahmed Attafi/Documents/ArchiFlow_Application/src/features/suppliers/supplierwidget.cpp:450:5: error: 'QtCharts' has not been declared
  450 |     QtCharts::QBarSet *valueSet = new QtCharts::QBarSet("Contract Value");
      |     ^~~~~~~~
C:/Users/Ahmed Attafi/Documents/ArchiFlow_Application/src/features/suppliers/supplierwidget.cpp:450:24: error: 'valueSet' was not declared in this scope
  450 |     QtCharts::QBarSet *valueSet = new QtCharts::QBarSet("Contract Value");
      |                        ^~~~~~~~
C:/Users/Ahmed Attafi/Documents/ArchiFlow_Application/src/features/suppliers/supplierwidget.cpp:450:39: error: 'QtCharts' does not name a type; did you mean 'QChart'?
  450 |     QtCharts::QBarSet *valueSet = new QtCharts::QBarSet("Contract Value");
      |                                       ^~~~~~~~
      |                                       QChart
C:/Users/Ahmed Attafi/Documents/ArchiFlow_Application/src/features/suppliers/supplierwidget.cpp:455:5: error: 'QtCharts' has not been declared
  455 |     QtCharts::QChart *chart = new QtCharts::QChart();
      |     ^~~~~~~~
C:/Users/Ahmed Attafi/Documents/ArchiFlow_Application/src/features/suppliers/supplierwidget.cpp:455:23: error: 'chart' was not declared in this scope; did you mean 'char'?
  455 |     QtCharts::QChart *chart = new QtCharts::QChart();
      |                       ^~~~~
      |                       char
C:/Users/Ahmed Attafi/Documents/ArchiFlow_Application/src/features/suppliers/supplierwidget.cpp:455:35: error: 'QtCharts' does not name a type; did you mean 'QChart'?
  455 |     QtCharts::QChart *chart = new QtCharts::QChart();
      |                                   ^~~~~~~~
      |                                   QChart
C:/Users/Ahmed Attafi/Documents/ArchiFlow_Application/src/features/suppliers/supplierwidget.cpp:458:32: error: 'QtCharts' has not been declared
  458 |     chart->setAnimationOptions(QtCharts::QChart::SeriesAnimations);
      |                                ^~~~~~~~
C:/Users/Ahmed Attafi/Documents/ArchiFlow_Application/src/features/suppliers/supplierwidget.cpp:463:5: error: 'QtCharts' has not been declared
  463 |     QtCharts::QBarCategoryAxis *axisX = new QtCharts::QBarCategoryAxis();
      |     ^~~~~~~~
C:/Users/Ahmed Attafi/Documents/ArchiFlow_Application/src/features/suppliers/supplierwidget.cpp:463:33: error: 'axisX' was not declared in this scope
  463 |     QtCharts::QBarCategoryAxis *axisX = new QtCharts::QBarCategoryAxis();
      |                                 ^~~~~
C:/Users/Ahmed Attafi/Documents/ArchiFlow_Application/src/features/suppliers/supplierwidget.cpp:463:45: error: 'QtCharts' does not name a type; did you mean 'QChart'?
  463 |     QtCharts::QBarCategoryAxis *axisX = new QtCharts::QBarCategoryAxis();
      |                                             ^~~~~~~~
      |                                             QChart
C:/Users/Ahmed Attafi/Documents/ArchiFlow_Application/src/features/suppliers/supplierwidget.cpp:468:5: error: 'QtCharts' has not been declared
  468 |     QtCharts::QValueAxis *axisY = new QtCharts::QValueAxis();
      |     ^~~~~~~~
C:/Users/Ahmed Attafi/Documents/ArchiFlow_Application/src/features/suppliers/supplierwidget.cpp:468:27: error: 'axisY' was not declared in this scope
  468 |     QtCharts::QValueAxis *axisY = new QtCharts::QValueAxis();
      |                           ^~~~~
C:/Users/Ahmed Attafi/Documents/ArchiFlow_Application/src/features/suppliers/supplierwidget.cpp:468:39: error: 'QtCharts' does not name a type; did you mean 'QChart'?
  468 |     QtCharts::QValueAxis *axisY = new QtCharts::QValueAxis();
      |                                       ^~~~~~~~
      |                                       QChart
C:/Users/Ahmed Attafi/Documents/ArchiFlow_Application/src/features/suppliers/supplierwidget.cpp:476:5: error: 'QtCharts' has not been declared
  476 |     QtCharts::QChartView *chartView = new QtCharts::QChartView(chart);
      |     ^~~~~~~~
C:/Users/Ahmed Attafi/Documents/ArchiFlow_Application/src/features/suppliers/supplierwidget.cpp:476:27: error: 'chartView' was not declared in this scope; did you mean 'QChartView'?
  476 |     QtCharts::QChartView *chartView = new QtCharts::QChartView(chart);
      |                           ^~~~~~~~~
      |                           QChartView
C:/Users/Ahmed Attafi/Documents/ArchiFlow_Application/src/features/suppliers/supplierwidget.cpp:476:43: error: 'QtCharts' does not name a type; did you mean 'QChart'?
  476 |     QtCharts::QChartView *chartView = new QtCharts::QChartView(chart);
      |                                           ^~~~~~~~
      |                                           QChart
C:/Users/Ahmed Attafi/Documents/ArchiFlow_Application/src/features/suppliers/supplierwidget.cpp: In member function 'void SupplierWidget::updateCharts()':
C:/Users/Ahmed Attafi/Documents/ArchiFlow_Application/src/features/suppliers/supplierwidget.cpp:559:9: error: 'QtCharts' has not been declared
  559 |         QtCharts::QChartView *chartView = qobject_cast<QtCharts::QChartView*>(m_categoryChart);
      |         ^~~~~~~~
C:/Users/Ahmed Attafi/Documents/ArchiFlow_Application/src/features/suppliers/supplierwidget.cpp:559:31: error: 'chartView' was not declared in this scope; did you mean 'QChartView'?
  559 |         QtCharts::QChartView *chartView = qobject_cast<QtCharts::QChartView*>(m_categoryChart);
      |                               ^~~~~~~~~
      |                               QChartView
C:/Users/Ahmed Attafi/Documents/ArchiFlow_Application/src/features/suppliers/supplierwidget.cpp:559:56: error: 'QtCharts' was not declared in this scope; did you mean 'QChart'?
  559 |         QtCharts::QChartView *chartView = qobject_cast<QtCharts::QChartView*>(m_categoryChart);
      |                                                        ^~~~~~~~
      |                                                        QChart
C:/Users/Ahmed Attafi/Documents/ArchiFlow_Application/src/features/suppliers/supplierwidget.cpp:559:43: error: parse error in template argument list
  559 |         QtCharts::QChartView *chartView = qobject_cast<QtCharts::QChartView*>(m_categoryChart);
      |                                           ^~~~~~~~~~~~~~~~~~~~~~~~~~~~~~~~~~~
C:/Users/Ahmed Attafi/Documents/ArchiFlow_Application/src/features/suppliers/supplierwidget.cpp:559:78: error: no matching function for call to 'qobject_cast<<expression error> >(QWidget*&)'
  559 |         QtCharts::QChartView *chartView = qobject_cast<QtCharts::QChartView*>(m_categoryChart);
      |                                           ~~~~~~~~~~~~~~~~~~~~~~~~~~~~~~~~~~~^~~~~~~~~~~~~~~~~
In file included from C:/Qt/6.9.0/mingw_64/include/QtWidgets/qwidget.h:9,
                 from C:/Qt/6.9.0/mingw_64/include/QtWidgets/QWidget:1,
                 from C:/Users/Ahmed Attafi/Documents/ArchiFlow_Application/src/features/suppliers/supplierwidget.h:4,
                 from C:/Users/Ahmed Attafi/Documents/ArchiFlow_Application/src/features/suppliers/supplierwidget.cpp:1:
C:/Qt/6.9.0/mingw_64/include/QtCore/qobject.h:421:10: note: candidate: 'template<class T> T qobject_cast(QObject*)'
  421 | inline T qobject_cast(QObject *object)
      |          ^~~~~~~~~~~~
C:/Qt/6.9.0/mingw_64/include/QtCore/qobject.h:421:10: note:   template argument deduction/substitution failed:
C:/Users/Ahmed Attafi/Documents/ArchiFlow_Application/src/features/suppliers/supplierwidget.cpp:559:78: error: template argument 1 is invalid
  559 |         QtCharts::QChartView *chartView = qobject_cast<QtCharts::QChartView*>(m_categoryChart);
      |                                           ~~~~~~~~~~~~~~~~~~~~~~~~~~~~~~~~~~~^~~~~~~~~~~~~~~~~
C:/Qt/6.9.0/mingw_64/include/QtCore/qobject.h:432:10: note: candidate: 'template<class T> T qobject_cast(const QObject*)'
  432 | inline T qobject_cast(const QObject *object)
      |          ^~~~~~~~~~~~
C:/Qt/6.9.0/mingw_64/include/QtCore/qobject.h:432:10: note:   template argument deduction/substitution failed:
C:/Users/Ahmed Attafi/Documents/ArchiFlow_Application/src/features/suppliers/supplierwidget.cpp:559:78: error: template argument 1 is invalid
  559 |         QtCharts::QChartView *chartView = qobject_cast<QtCharts::QChartView*>(m_categoryChart);
      |                                           ~~~~~~~~~~~~~~~~~~~~~~~~~~~~~~~~~~~^~~~~~~~~~~~~~~~~
In file included from C:/Qt/6.9.0/mingw_64/include/QtCore/qsharedpointer.h:12,
                 from C:/Qt/6.9.0/mingw_64/include/QtCore/qdebug.h:20,
                 from C:/Qt/6.9.0/mingw_64/include/QtCore/qvariant.h:12,
                 from C:/Qt/6.9.0/mingw_64/include/QtGui/qaction.h:13,
                 from C:/Qt/6.9.0/mingw_64/include/QtWidgets/qwidget.h:12:
C:/Qt/6.9.0/mingw_64/include/QtCore/qsharedpointer_impl.h:988:1: note: candidate: 'template<class X, class T> QSharedPointer<typename QtSharedPointer::RemovePointer<T>::Type> qobject_cast(const QSharedPointer<T>&)'
  988 | qobject_cast(const QSharedPointer<T> &src)
      | ^~~~~~~~~~~~
C:/Qt/6.9.0/mingw_64/include/QtCore/qsharedpointer_impl.h:988:1: note:   template argument deduction/substitution failed:
C:/Users/Ahmed Attafi/Documents/ArchiFlow_Application/src/features/suppliers/supplierwidget.cpp:559:78: error: template argument 1 is invalid
  559 |         QtCharts::QChartView *chartView = qobject_cast<QtCharts::QChartView*>(m_categoryChart);
      |                                           ~~~~~~~~~~~~~~~~~~~~~~~~~~~~~~~~~~~^~~~~~~~~~~~~~~~~
C:/Qt/6.9.0/mingw_64/include/QtCore/qsharedpointer_impl.h:994:1: note: candidate: 'template<class X, class T> QSharedPointer<typename QtSharedPointer::RemovePointer<T>::Type> qobject_cast(QSharedPointer<T>&&)'
  994 | qobject_cast(QSharedPointer<T> &&src)
      | ^~~~~~~~~~~~
C:/Qt/6.9.0/mingw_64/include/QtCore/qsharedpointer_impl.h:994:1: note:   template argument deduction/substitution failed:
C:/Users/Ahmed Attafi/Documents/ArchiFlow_Application/src/features/suppliers/supplierwidget.cpp:559:78: error: template argument 1 is invalid
  559 |         QtCharts::QChartView *chartView = qobject_cast<QtCharts::QChartView*>(m_categoryChart);
      |                                           ~~~~~~~~~~~~~~~~~~~~~~~~~~~~~~~~~~~^~~~~~~~~~~~~~~~~
C:/Qt/6.9.0/mingw_64/include/QtCore/qsharedpointer_impl.h:1000:1: note: candidate: 'template<class X, class T> QSharedPointer<typename QtSharedPointer::RemovePointer<T>::Type> qobject_cast(const QWeakPointer<T>&)'
 1000 | qobject_cast(const QWeakPointer<T> &src)
      | ^~~~~~~~~~~~
C:/Qt/6.9.0/mingw_64/include/QtCore/qsharedpointer_impl.h:1000:1: note:   template argument deduction/substitution failed:
C:/Users/Ahmed Attafi/Documents/ArchiFlow_Application/src/features/suppliers/supplierwidget.cpp:559:78: error: template argument 1 is invalid
  559 |         QtCharts::QChartView *chartView = qobject_cast<QtCharts::QChartView*>(m_categoryChart);
      |                                           ~~~~~~~~~~~~~~~~~~~~~~~~~~~~~~~~~~~^~~~~~~~~~~~~~~~~
C:/Users/Ahmed Attafi/Documents/ArchiFlow_Application/src/features/suppliers/supplierwidget.cpp:561:13: error: 'QtCharts' is not a class, namespace, or enumeration
  561 |             QtCharts::QChart *chart = chartView->chart();
      |             ^~~~~~~~
C:/Users/Ahmed Attafi/Documents/ArchiFlow_Application/src/features/suppliers/supplierwidget.cpp:561:31: error: 'chart' was not declared in this scope; did you mean 'char'?
  561 |             QtCharts::QChart *chart = chartView->chart();
      |                               ^~~~~
      |                               char
C:/Users/Ahmed Attafi/Documents/ArchiFlow_Application/src/features/suppliers/supplierwidget.cpp:562:13: error: 'QtCharts' is not a class, namespace, or enumeration
  562 |             QtCharts::QPieSeries *series = qobject_cast<QtCharts::QPieSeries*>(chart->series().first());
      |             ^~~~~~~~
C:/Users/Ahmed Attafi/Documents/ArchiFlow_Application/src/features/suppliers/supplierwidget.cpp:562:35: error: 'series' was not declared in this scope
  562 |             QtCharts::QPieSeries *series = qobject_cast<QtCharts::QPieSeries*>(chart->series().first());
      |                                   ^~~~~~
C:/Users/Ahmed Attafi/Documents/ArchiFlow_Application/src/features/suppliers/supplierwidget.cpp:562:44: error: parse error in template argument list
  562 |             QtCharts::QPieSeries *series = qobject_cast<QtCharts::QPieSeries*>(chart->series().first());
      |                                            ^~~~~~~~~~~~~~~~~~~~~~~~~~~~~~~~~~~
C:/Users/Ahmed Attafi/Documents/ArchiFlow_Application/src/features/suppliers/supplierwidget.cpp:577:9: error: 'QtCharts' has not been declared
  577 |         QtCharts::QChartView *chartView = qobject_cast<QtCharts::QChartView*>(m_statusChart);
      |         ^~~~~~~~
C:/Users/Ahmed Attafi/Documents/ArchiFlow_Application/src/features/suppliers/supplierwidget.cpp:577:31: error: 'chartView' was not declared in this scope; did you mean 'QChartView'?
  577 |         QtCharts::QChartView *chartView = qobject_cast<QtCharts::QChartView*>(m_statusChart);
      |                               ^~~~~~~~~
      |                               QChartView
C:/Users/Ahmed Attafi/Documents/ArchiFlow_Application/src/features/suppliers/supplierwidget.cpp:577:56: error: 'QtCharts' was not declared in this scope; did you mean 'QChart'?
  577 |         QtCharts::QChartView *chartView = qobject_cast<QtCharts::QChartView*>(m_statusChart);
      |                                                        ^~~~~~~~
      |                                                        QChart
C:/Users/Ahmed Attafi/Documents/ArchiFlow_Application/src/features/suppliers/supplierwidget.cpp:577:43: error: parse error in template argument list
  577 |         QtCharts::QChartView *chartView = qobject_cast<QtCharts::QChartView*>(m_statusChart);
      |                                           ^~~~~~~~~~~~~~~~~~~~~~~~~~~~~~~~~~~
C:/Users/Ahmed Attafi/Documents/ArchiFlow_Application/src/features/suppliers/supplierwidget.cpp:577:78: error: no matching function for call to 'qobject_cast<<expression error> >(QWidget*&)'
  577 |         QtCharts::QChartView *chartView = qobject_cast<QtCharts::QChartView*>(m_statusChart);
      |                                           ~~~~~~~~~~~~~~~~~~~~~~~~~~~~~~~~~~~^~~~~~~~~~~~~~~
C:/Qt/6.9.0/mingw_64/include/QtCore/qobject.h:421:10: note: candidate: 'template<class T> T qobject_cast(QObject*)'
  421 | inline T qobject_cast(QObject *object)
      |          ^~~~~~~~~~~~
C:/Qt/6.9.0/mingw_64/include/QtCore/qobject.h:421:10: note:   template argument deduction/substitution failed:
C:/Users/Ahmed Attafi/Documents/ArchiFlow_Application/src/features/suppliers/supplierwidget.cpp:577:78: error: template argument 1 is invalid
  577 |         QtCharts::QChartView *chartView = qobject_cast<QtCharts::QChartView*>(m_statusChart);
      |                                           ~~~~~~~~~~~~~~~~~~~~~~~~~~~~~~~~~~~^~~~~~~~~~~~~~~
C:/Qt/6.9.0/mingw_64/include/QtCore/qobject.h:432:10: note: candidate: 'template<class T> T qobject_cast(const QObject*)'
  432 | inline T qobject_cast(const QObject *object)
      |          ^~~~~~~~~~~~
C:/Qt/6.9.0/mingw_64/include/QtCore/qobject.h:432:10: note:   template argument deduction/substitution failed:
C:/Users/Ahmed Attafi/Documents/ArchiFlow_Application/src/features/suppliers/supplierwidget.cpp:577:78: error: template argument 1 is invalid
  577 |         QtCharts::QChartView *chartView = qobject_cast<QtCharts::QChartView*>(m_statusChart);
      |                                           ~~~~~~~~~~~~~~~~~~~~~~~~~~~~~~~~~~~^~~~~~~~~~~~~~~
C:/Qt/6.9.0/mingw_64/include/QtCore/qsharedpointer_impl.h:988:1: note: candidate: 'template<class X, class T> QSharedPointer<typename QtSharedPointer::RemovePointer<T>::Type> qobject_cast(const QSharedPointer<T>&)'
  988 | qobject_cast(const QSharedPointer<T> &src)
      | ^~~~~~~~~~~~
C:/Qt/6.9.0/mingw_64/include/QtCore/qsharedpointer_impl.h:988:1: note:   template argument deduction/substitution failed:
C:/Users/Ahmed Attafi/Documents/ArchiFlow_Application/src/features/suppliers/supplierwidget.cpp:577:78: error: template argument 1 is invalid
  577 |         QtCharts::QChartView *chartView = qobject_cast<QtCharts::QChartView*>(m_statusChart);
      |                                           ~~~~~~~~~~~~~~~~~~~~~~~~~~~~~~~~~~~^~~~~~~~~~~~~~~
C:/Qt/6.9.0/mingw_64/include/QtCore/qsharedpointer_impl.h:994:1: note: candidate: 'template<class X, class T> QSharedPointer<typename QtSharedPointer::RemovePointer<T>::Type> qobject_cast(QSharedPointer<T>&&)'
  994 | qobject_cast(QSharedPointer<T> &&src)
      | ^~~~~~~~~~~~
C:/Qt/6.9.0/mingw_64/include/QtCore/qsharedpointer_impl.h:994:1: note:   template argument deduction/substitution failed:
C:/Users/Ahmed Attafi/Documents/ArchiFlow_Application/src/features/suppliers/supplierwidget.cpp:577:78: error: template argument 1 is invalid
  577 |         QtCharts::QChartView *chartView = qobject_cast<QtCharts::QChartView*>(m_statusChart);
      |                                           ~~~~~~~~~~~~~~~~~~~~~~~~~~~~~~~~~~~^~~~~~~~~~~~~~~
C:/Qt/6.9.0/mingw_64/include/QtCore/qsharedpointer_impl.h:1000:1: note: candidate: 'template<class X, class T> QSharedPointer<typename QtSharedPointer::RemovePointer<T>::Type> qobject_cast(const QWeakPointer<T>&)'
 1000 | qobject_cast(const QWeakPointer<T> &src)
      | ^~~~~~~~~~~~
C:/Qt/6.9.0/mingw_64/include/QtCore/qsharedpointer_impl.h:1000:1: note:   template argument deduction/substitution failed:
C:/Users/Ahmed Attafi/Documents/ArchiFlow_Application/src/features/suppliers/supplierwidget.cpp:577:78: error: template argument 1 is invalid
  577 |         QtCharts::QChartView *chartView = qobject_cast<QtCharts::QChartView*>(m_statusChart);
      |                                           ~~~~~~~~~~~~~~~~~~~~~~~~~~~~~~~~~~~^~~~~~~~~~~~~~~
C:/Users/Ahmed Attafi/Documents/ArchiFlow_Application/src/features/suppliers/supplierwidget.cpp:579:13: error: 'QtCharts' is not a class, namespace, or enumeration
  579 |             QtCharts::QChart *chart = chartView->chart();
      |             ^~~~~~~~
C:/Users/Ahmed Attafi/Documents/ArchiFlow_Application/src/features/suppliers/supplierwidget.cpp:579:31: error: 'chart' was not declared in this scope; did you mean 'char'?
  579 |             QtCharts::QChart *chart = chartView->chart();
      |                               ^~~~~
      |                               char
C:/Users/Ahmed Attafi/Documents/ArchiFlow_Application/src/features/suppliers/supplierwidget.cpp:580:13: error: 'QtCharts' is not a class, namespace, or enumeration
  580 |             QtCharts::QPieSeries *series = qobject_cast<QtCharts::QPieSeries*>(chart->series().first());
      |             ^~~~~~~~
C:/Users/Ahmed Attafi/Documents/ArchiFlow_Application/src/features/suppliers/supplierwidget.cpp:580:35: error: 'series' was not declared in this scope
  580 |             QtCharts::QPieSeries *series = qobject_cast<QtCharts::QPieSeries*>(chart->series().first());
      |                                   ^~~~~~
C:/Users/Ahmed Attafi/Documents/ArchiFlow_Application/src/features/suppliers/supplierwidget.cpp:580:44: error: parse error in template argument list
  580 |             QtCharts::QPieSeries *series = qobject_cast<QtCharts::QPieSeries*>(chart->series().first());
      |                                            ^~~~~~~~~~~~~~~~~~~~~~~~~~~~~~~~~~~
C:/Users/Ahmed Attafi/Documents/ArchiFlow_Application/src/features/suppliers/supplierwidget.cpp:595:9: error: 'QtCharts' has not been declared
  595 |         QtCharts::QChartView *chartView = qobject_cast<QtCharts::QChartView*>(m_valueChart);
      |         ^~~~~~~~
C:/Users/Ahmed Attafi/Documents/ArchiFlow_Application/src/features/suppliers/supplierwidget.cpp:595:31: error: 'chartView' was not declared in this scope; did you mean 'QChartView'?
  595 |         QtCharts::QChartView *chartView = qobject_cast<QtCharts::QChartView*>(m_valueChart);
      |                               ^~~~~~~~~
      |                               QChartView
C:/Users/Ahmed Attafi/Documents/ArchiFlow_Application/src/features/suppliers/supplierwidget.cpp:595:56: error: 'QtCharts' was not declared in this scope; did you mean 'QChart'?
  595 |         QtCharts::QChartView *chartView = qobject_cast<QtCharts::QChartView*>(m_valueChart);
      |                                                        ^~~~~~~~
      |                                                        QChart
C:/Users/Ahmed Attafi/Documents/ArchiFlow_Application/src/features/suppliers/supplierwidget.cpp:595:43: error: parse error in template argument list
  595 |         QtCharts::QChartView *chartView = qobject_cast<QtCharts::QChartView*>(m_valueChart);
      |                                           ^~~~~~~~~~~~~~~~~~~~~~~~~~~~~~~~~~~
C:/Users/Ahmed Attafi/Documents/ArchiFlow_Application/src/features/suppliers/supplierwidget.cpp:595:78: error: no matching function for call to 'qobject_cast<<expression error> >(QWidget*&)'
  595 |         QtCharts::QChartView *chartView = qobject_cast<QtCharts::QChartView*>(m_valueChart);
      |                                           ~~~~~~~~~~~~~~~~~~~~~~~~~~~~~~~~~~~^~~~~~~~~~~~~~
C:/Qt/6.9.0/mingw_64/include/QtCore/qobject.h:421:10: note: candidate: 'template<class T> T qobject_cast(QObject*)'
  421 | inline T qobject_cast(QObject *object)
      |          ^~~~~~~~~~~~
C:/Qt/6.9.0/mingw_64/include/QtCore/qobject.h:421:10: note:   template argument deduction/substitution failed:
C:/Users/Ahmed Attafi/Documents/ArchiFlow_Application/src/features/suppliers/supplierwidget.cpp:595:78: error: template argument 1 is invalid
  595 |         QtCharts::QChartView *chartView = qobject_cast<QtCharts::QChartView*>(m_valueChart);
      |                                           ~~~~~~~~~~~~~~~~~~~~~~~~~~~~~~~~~~~^~~~~~~~~~~~~~
C:/Qt/6.9.0/mingw_64/include/QtCore/qobject.h:432:10: note: candidate: 'template<class T> T qobject_cast(const QObject*)'
  432 | inline T qobject_cast(const QObject *object)
      |          ^~~~~~~~~~~~
C:/Qt/6.9.0/mingw_64/include/QtCore/qobject.h:432:10: note:   template argument deduction/substitution failed:
C:/Users/Ahmed Attafi/Documents/ArchiFlow_Application/src/features/suppliers/supplierwidget.cpp:595:78: error: template argument 1 is invalid
  595 |         QtCharts::QChartView *chartView = qobject_cast<QtCharts::QChartView*>(m_valueChart);
      |                                           ~~~~~~~~~~~~~~~~~~~~~~~~~~~~~~~~~~~^~~~~~~~~~~~~~
C:/Qt/6.9.0/mingw_64/include/QtCore/qsharedpointer_impl.h:988:1: note: candidate: 'template<class X, class T> QSharedPointer<typename QtSharedPointer::RemovePointer<T>::Type> qobject_cast(const QSharedPointer<T>&)'
  988 | qobject_cast(const QSharedPointer<T> &src)
      | ^~~~~~~~~~~~
C:/Qt/6.9.0/mingw_64/include/QtCore/qsharedpointer_impl.h:988:1: note:   template argument deduction/substitution failed:
C:/Users/Ahmed Attafi/Documents/ArchiFlow_Application/src/features/suppliers/supplierwidget.cpp:595:78: error: template argument 1 is invalid
  595 |         QtCharts::QChartView *chartView = qobject_cast<QtCharts::QChartView*>(m_valueChart);
      |                                           ~~~~~~~~~~~~~~~~~~~~~~~~~~~~~~~~~~~^~~~~~~~~~~~~~
C:/Qt/6.9.0/mingw_64/include/QtCore/qsharedpointer_impl.h:994:1: note: candidate: 'template<class X, class T> QSharedPointer<typename QtSharedPointer::RemovePointer<T>::Type> qobject_cast(QSharedPointer<T>&&)'
  994 | qobject_cast(QSharedPointer<T> &&src)
      | ^~~~~~~~~~~~
C:/Qt/6.9.0/mingw_64/include/QtCore/qsharedpointer_impl.h:994:1: note:   template argument deduction/substitution failed:
C:/Users/Ahmed Attafi/Documents/ArchiFlow_Application/src/features/suppliers/supplierwidget.cpp:595:78: error: template argument 1 is invalid
  595 |         QtCharts::QChartView *chartView = qobject_cast<QtCharts::QChartView*>(m_valueChart);
      |                                           ~~~~~~~~~~~~~~~~~~~~~~~~~~~~~~~~~~~^~~~~~~~~~~~~~
C:/Qt/6.9.0/mingw_64/include/QtCore/qsharedpointer_impl.h:1000:1: note: candidate: 'template<class X, class T> QSharedPointer<typename QtSharedPointer::RemovePointer<T>::Type> qobject_cast(const QWeakPointer<T>&)'
 1000 | qobject_cast(const QWeakPointer<T> &src)
      | ^~~~~~~~~~~~
C:/Qt/6.9.0/mingw_64/include/QtCore/qsharedpointer_impl.h:1000:1: note:   template argument deduction/substitution failed:
C:/Users/Ahmed Attafi/Documents/ArchiFlow_Application/src/features/suppliers/supplierwidget.cpp:595:78: error: template argument 1 is invalid
  595 |         QtCharts::QChartView *chartView = qobject_cast<QtCharts::QChartView*>(m_valueChart);
      |                                           ~~~~~~~~~~~~~~~~~~~~~~~~~~~~~~~~~~~^~~~~~~~~~~~~~
C:/Users/Ahmed Attafi/Documents/ArchiFlow_Application/src/features/suppliers/supplierwidget.cpp:597:13: error: 'QtCharts' is not a class, namespace, or enumeration
  597 |             QtCharts::QChart *chart = chartView->chart();
      |             ^~~~~~~~
C:/Users/Ahmed Attafi/Documents/ArchiFlow_Application/src/features/suppliers/supplierwidget.cpp:597:31: error: 'chart' was not declared in this scope; did you mean 'char'?
  597 |             QtCharts::QChart *chart = chartView->chart();
      |                               ^~~~~
      |                               char
C:/Users/Ahmed Attafi/Documents/ArchiFlow_Application/src/features/suppliers/supplierwidget.cpp:598:13: error: 'QtCharts' is not a class, namespace, or enumeration
  598 |             QtCharts::QBarSeries *series = qobject_cast<QtCharts::QBarSeries*>(chart->series().first());
      |             ^~~~~~~~
C:/Users/Ahmed Attafi/Documents/ArchiFlow_Application/src/features/suppliers/supplierwidget.cpp:598:35: error: 'series' was not declared in this scope
  598 |             QtCharts::QBarSeries *series = qobject_cast<QtCharts::QBarSeries*>(chart->series().first());
      |                                   ^~~~~~
C:/Users/Ahmed Attafi/Documents/ArchiFlow_Application/src/features/suppliers/supplierwidget.cpp:598:44: error: parse error in template argument list
  598 |             QtCharts::QBarSeries *series = qobject_cast<QtCharts::QBarSeries*>(chart->series().first());
      |                                            ^~~~~~~~~~~~~~~~~~~~~~~~~~~~~~~~~~~
C:/Users/Ahmed Attafi/Documents/ArchiFlow_Application/src/features/suppliers/supplierwidget.cpp:600:17: error: 'QtCharts' is not a class, namespace, or enumeration
  600 |                 QtCharts::QBarSet *valueSet = series->barSets().first();
      |                 ^~~~~~~~
C:/Users/Ahmed Attafi/Documents/ArchiFlow_Application/src/features/suppliers/supplierwidget.cpp:600:36: error: 'valueSet' was not declared in this scope
  600 |                 QtCharts::QBarSet *valueSet = series->barSets().first();
      |                                    ^~~~~~~~
C:/Users/Ahmed Attafi/Documents/ArchiFlow_Application/src/features/suppliers/supplierwidget.cpp:609:17: error: 'QtCharts' is not a class, namespace, or enumeration
  609 |                 QtCharts::QBarCategoryAxis *axisX = qobject_cast<QtCharts::QBarCategoryAxis*>(chart->axes(Qt::Horizontal).first());
      |                 ^~~~~~~~
C:/Users/Ahmed Attafi/Documents/ArchiFlow_Application/src/features/suppliers/supplierwidget.cpp:609:45: error: 'axisX' was not declared in this scope
  609 |                 QtCharts::QBarCategoryAxis *axisX = qobject_cast<QtCharts::QBarCategoryAxis*>(chart->axes(Qt::Horizontal).first());
      |                                             ^~~~~
C:/Users/Ahmed Attafi/Documents/ArchiFlow_Application/src/features/suppliers/supplierwidget.cpp:609:53: error: parse error in template argument list
  609 |                 QtCharts::QBarCategoryAxis *axisX = qobject_cast<QtCharts::QBarCategoryAxis*>(chart->axes(Qt::Horizontal).first());
      |                                                     ^~~~~~~~~~~~~~~~~~~~~~~~~~~~~~~~~~~~~~~~~
C:/Users/Ahmed Attafi/Documents/ArchiFlow_Application/src/features/suppliers/supplierwidget.cpp: At global scope:
C:/Users/Ahmed Attafi/Documents/ArchiFlow_Application/src/features/suppliers/supplierwidget.cpp:738:6: error: no declaration matches 'void SupplierWidget::onSupplierSelectionChanged(const QItemSelection&, const QItemSelection&)'
  738 | void SupplierWidget::onSupplierSelectionChanged(const QItemSelection &selected, const QItemSelection &deselected)
      |      ^~~~~~~~~~~~~~
C:/Users/Ahmed Attafi/Documents/ArchiFlow_Application/src/features/suppliers/supplierwidget.h:59:10: note: candidate is: 'void SupplierWidget::onSupplierSelectionChanged()'
   59 |     void onSupplierSelectionChanged();
      |          ^~~~~~~~~~~~~~~~~~~~~~~~~~
C:/Users/Ahmed Attafi/Documents/ArchiFlow_Application/src/features/suppliers/supplierwidget.h:35:7: note: 'class SupplierWidget' defined here
   35 | class SupplierWidget : public QWidget
      |       ^~~~~~~~~~~~~~
C:/Users/Ahmed Attafi/Documents/ArchiFlow_Application/src/features/suppliers/supplierwidget.cpp:762:6: error: redefinition of 'void SupplierWidget::updateDashboardStats()'
  762 | void SupplierWidget::updateDashboardStats()
      |      ^~~~~~~~~~~~~~
C:/Users/Ahmed Attafi/Documents/ArchiFlow_Application/src/features/suppliers/supplierwidget.cpp:523:6: note: 'void SupplierWidget::updateDashboardStats()' previously defined here
  523 | void SupplierWidget::updateDashboardStats()
      |      ^~~~~~~~~~~~~~
C:/Users/Ahmed Attafi/Documents/ArchiFlow_Application/src/features/suppliers/supplierwidget.cpp:767:6: error: redefinition of 'void SupplierWidget::updateCharts()'
  767 | void SupplierWidget::updateCharts()
      |      ^~~~~~~~~~~~~~
C:/Users/Ahmed Attafi/Documents/ArchiFlow_Application/src/features/suppliers/supplierwidget.cpp:551:6: note: 'void SupplierWidget::updateCharts()' previously defined here
  551 | void SupplierWidget::updateCharts()
      |      ^~~~~~~~~~~~~~
[28/33] Building CXX object CMakeFiles/ArchiFlow_Application.dir/src/features/materials/aipredictiondialog.cpp.obj
[29/33] Building CXX object CMakeFiles/ArchiFlow_Application.dir/build/Desktop_Qt_6_9_0_MinGW_64_bit-Debug/.qt/rcc/qrc_app_icons.cpp.obj
[30/33] Building CXX object CMakeFiles/ArchiFlow_Application.dir/src/utils/environmentloader.cpp.obj
[31/33] Building CXX object CMakeFiles/ArchiFlow_Application.dir/src/utils/stylemanager.cpp.obj
[32/33] Building CXX object CMakeFiles/ArchiFlow_Application.dir/src/utils/documentprocessor.cpp.obj
ninja: build stopped: subcommand failed.
