[  0%] Built target ArchiFlow_Application_autogen_timestamp_deps
[  3%] Built target ArchiFlow_Application_autogen
[  6%] Linking CXX executable ArchiFlow_Application.exe
cmake : C:/Qt/Tools/mingw1310_64/bin/../lib/gcc/x86_64-w64-mingw32/13.1.0/../../../../x86_64-w64-min
gw32/bin/ld.exe: CMakeFiles\ArchiFlow_Application.dir/objects.a(mocs_compilation.cpp.obj): in 
function `SupplierWidget::qt_static_metacall(QObject*, QMetaObject::Call, int, void**)':
At line:1 char:61
+ ... chiFlow_Application"; cmake --build build --config Debug 2>&1 | Tee-O ...
+                           ~~~~~~~~~~~~~~~~~~~~~~~~~~~~~~~~~~~~~~~
    + CategoryInfo          : NotSpecified: (C:/Qt/Tools/min... int, void**)'::String) [], RemoteEx 
   ception
    + FullyQualifiedErrorId : NativeCommandError
 
C:/Users/Ahmed Attafi/Documents/ArchiFlow_Application/build/ArchiFlow_Application_autogen/R54U2AQYB6
/moc_supplierwidget.cpp:131: undefined reference to `SupplierWidget::onSupplierSelectionChanged()'
C:/Qt/Tools/mingw1310_64/bin/../lib/gcc/x86_64-w64-mingw32/13.1.0/../../../../x86_64-w64-mingw32/bin
/ld.exe: C:/Users/Ahmed Attafi/Documents/ArchiFlow_Application/build/ArchiFlow_Application_autogen/R
54U2AQYB6/moc_supplierwidget.cpp:132: undefined reference to 
`SupplierWidget::onSupplierDoubleClicked(QModelIndex const&)'
C:/Qt/Tools/mingw1310_64/bin/../lib/gcc/x86_64-w64-mingw32/13.1.0/../../../../x86_64-w64-mingw32/bin
/ld.exe: CMakeFiles\ArchiFlow_Application.dir/objects.a(mocs_compilation.cpp.obj):mocs_compilation.c
pp:(.rdata$_ZTV14SupplierWidget[_ZTV14SupplierWidget]+0x28): undefined reference to 
`SupplierWidget::~SupplierWidget()'
C:/Qt/Tools/mingw1310_64/bin/../lib/gcc/x86_64-w64-mingw32/13.1.0/../../../../x86_64-w64-mingw32/bin
/ld.exe: CMakeFiles\ArchiFlow_Application.dir/objects.a(mocs_compilation.cpp.obj):mocs_compilation.c
pp:(.rdata$_ZTV14SupplierWidget[_ZTV14SupplierWidget]+0x30): undefined reference to 
`SupplierWidget::~SupplierWidget()'
C:/Qt/Tools/mingw1310_64/bin/../lib/gcc/x86_64-w64-mingw32/13.1.0/../../../../x86_64-w64-mingw32/bin
/ld.exe: CMakeFiles\ArchiFlow_Application.dir/objects.a(mocs_compilation.cpp.obj):mocs_compilation.c
pp:(.rdata$_ZTV14SupplierWidget[_ZTV14SupplierWidget]+0x1c0): undefined reference to `non-virtual 
thunk to SupplierWidget::~SupplierWidget()'
C:/Qt/Tools/mingw1310_64/bin/../lib/gcc/x86_64-w64-mingw32/13.1.0/../../../../x86_64-w64-mingw32/bin
/ld.exe: CMakeFiles\ArchiFlow_Application.dir/objects.a(mocs_compilation.cpp.obj):mocs_compilation.c
pp:(.rdata$_ZTV14SupplierWidget[_ZTV14SupplierWidget]+0x1c8): undefined reference to `non-virtual 
thunk to SupplierWidget::~SupplierWidget()'
C:/Qt/Tools/mingw1310_64/bin/../lib/gcc/x86_64-w64-mingw32/13.1.0/../../../../x86_64-w64-mingw32/bin
/ld.exe: CMakeFiles\ArchiFlow_Application.dir/objects.a(supplierwidget.cpp.obj): in function 
`SupplierWidget::showSuppliersList()':
C:/Users/Ahmed 
Attafi/Documents/ArchiFlow_Application/src/features/suppliers/supplierwidget.cpp:498: undefined 
reference to `SupplierWidget::updateButtonStates()'
C:/Qt/Tools/mingw1310_64/bin/../lib/gcc/x86_64-w64-mingw32/13.1.0/../../../../x86_64-w64-mingw32/bin
/ld.exe: CMakeFiles\ArchiFlow_Application.dir/objects.a(supplierwidget.cpp.obj): in function 
`SupplierWidget::refreshData()':
C:/Users/Ahmed 
Attafi/Documents/ArchiFlow_Application/src/features/suppliers/supplierwidget.cpp:520: undefined 
reference to `SupplierWidget::updateButtonStates()'
C:/Qt/Tools/mingw1310_64/bin/../lib/gcc/x86_64-w64-mingw32/13.1.0/../../../../x86_64-w64-mingw32/bin
/ld.exe: CMakeFiles\ArchiFlow_Application.dir/objects.a(supplierwidget.cpp.obj): in function 
`SupplierWidget::editSupplier()':
C:/Users/Ahmed 
Attafi/Documents/ArchiFlow_Application/src/features/suppliers/supplierwidget.cpp:644: undefined 
reference to `SupplierWidget::getSelectedSupplier()'
C:/Qt/Tools/mingw1310_64/bin/../lib/gcc/x86_64-w64-mingw32/13.1.0/../../../../x86_64-w64-mingw32/bin
/ld.exe: CMakeFiles\ArchiFlow_Application.dir/objects.a(supplierwidget.cpp.obj): in function 
`SupplierWidget::viewSupplier()':
C:/Users/Ahmed 
Attafi/Documents/ArchiFlow_Application/src/features/suppliers/supplierwidget.cpp:672: undefined 
reference to `SupplierWidget::getSelectedSupplier()'
C:/Qt/Tools/mingw1310_64/bin/../lib/gcc/x86_64-w64-mingw32/13.1.0/../../../../x86_64-w64-mingw32/bin
/ld.exe: CMakeFiles\ArchiFlow_Application.dir/objects.a(supplierwidget.cpp.obj): in function 
`SupplierWidget::deleteSupplier()':
C:/Users/Ahmed 
Attafi/Documents/ArchiFlow_Application/src/features/suppliers/supplierwidget.cpp:687: undefined 
reference to `SupplierWidget::getSelectedSupplier()'
C:/Qt/Tools/mingw1310_64/bin/../lib/gcc/x86_64-w64-mingw32/13.1.0/../../../../x86_64-w64-mingw32/bin
/ld.exe: C:/Users/Ahmed 
Attafi/Documents/ArchiFlow_Application/src/features/suppliers/supplierwidget.cpp:693: undefined 
reference to `SupplierWidget::getCurrentSupplierIndex()'
C:/Qt/Tools/mingw1310_64/bin/../lib/gcc/x86_64-w64-mingw32/13.1.0/../../../../x86_64-w64-mingw32/bin
/ld.exe: CMakeFiles\ArchiFlow_Application.dir/objects.a(supplierwidget.cpp.obj):supplierwidget:(.rda
ta$.refptr._ZN14SupplierWidget23onSupplierDoubleClickedERK11QModelIndex[.refptr._ZN14SupplierWidget2
3onSupplierDoubleClickedERK11QModelIndex]+0x0): undefined reference to 
`SupplierWidget::onSupplierDoubleClicked(QModelIndex const&)'
C:/Qt/Tools/mingw1310_64/bin/../lib/gcc/x86_64-w64-mingw32/13.1.0/../../../../x86_64-w64-mingw32/bin
/ld.exe: CMakeFiles\ArchiFlow_Application.dir/objects.a(supplierwidget.cpp.obj):supplierwidget:(.rda
ta$.refptr._ZN14SupplierWidget26onSupplierSelectionChangedEv[.refptr._ZN14SupplierWidget26onSupplier
SelectionChangedEv]+0x0): undefined reference to `SupplierWidget::onSupplierSelectionChanged()'
collect2.exe: error: ld returned 1 exit status
mingw32-make.exe[2]: *** [CMakeFiles\ArchiFlow_Application.dir\build.make:603: 
ArchiFlow_Application.exe] Error 1
mingw32-make.exe[1]: *** [CMakeFiles\Makefile2:89: CMakeFiles/ArchiFlow_Application.dir/all] Error 2
mingw32-make.exe: *** [Makefile:135: all] Error 2
